2025-08-28 14:38:07,917 [Worker-1: Loading available Gradle versions] INFO  o.e.b.c.i.u.g.PublishedGradleVersions - Gradle version information cache is not available. Remote download required.
2025-09-02 14:09:05,736 [Worker-0: Loading available Gradle versions] INFO  o.e.b.c.i.u.g.PublishedGradleVersions - Gradle version information cache is out-of-date. Trying to update.
2025-09-02 14:09:16,663 [Worker-0: Loading available Gradle versions] INFO  o.e.b.c.i.u.g.PublishedGradleVersions - Updating Gradle version information cache failed. Using outdated cache.
2025-09-04 13:36:06,102 [Worker-2: Loading available Gradle versions] INFO  o.e.b.c.i.u.g.PublishedGradleVersions - Gradle version information cache is out-of-date. Trying to update.
2025-09-09 14:02:38,455 [Worker-2: Loading available Gradle versions] INFO  o.e.b.c.i.u.g.PublishedGradleVersions - Gradle version information cache is out-of-date. Trying to update.
2025-09-12 13:20:10,070 [Worker-0: Loading available Gradle versions] INFO  o.e.b.c.i.u.g.PublishedGradleVersions - Gradle version information cache is out-of-date. Trying to update.
2025-09-16 13:10:07,556 [Worker-0: Loading available Gradle versions] INFO  o.e.b.c.i.u.g.PublishedGradleVersions - Gradle version information cache is out-of-date. Trying to update.
2025-09-18 13:35:30,612 [Worker-0: Loading available Gradle versions] INFO  o.e.b.c.i.u.g.PublishedGradleVersions - Gradle version information cache is out-of-date. Trying to update.
2025-09-20 13:23:37,459 [Worker-0: Loading available Gradle versions] INFO  o.e.b.c.i.u.g.PublishedGradleVersions - Gradle version information cache is out-of-date. Trying to update.
2025-09-23 13:10:07,352 [Worker-0: Loading available Gradle versions] INFO  o.e.b.c.i.u.g.PublishedGradleVersions - Gradle version information cache is out-of-date. Trying to update.
2025-09-25 13:23:20,544 [Worker-2: Loading available Gradle versions] INFO  o.e.b.c.i.u.g.PublishedGradleVersions - Gradle version information cache is out-of-date. Trying to update.
2025-09-27 13:28:39,580 [Worker-0: Loading available Gradle versions] INFO  o.e.b.c.i.u.g.PublishedGradleVersions - Gradle version information cache is out-of-date. Trying to update.
2025-09-30 13:09:10,918 [Worker-0: Loading available Gradle versions] INFO  o.e.b.c.i.u.g.PublishedGradleVersions - Gradle version information cache is out-of-date. Trying to update.
2025-10-06 13:12:02,664 [Worker-0: Loading available Gradle versions] INFO  o.e.b.c.i.u.g.PublishedGradleVersions - Gradle version information cache is out-of-date. Trying to update.
2025-10-07 13:14:07,875 [Worker-0: Loading available Gradle versions] INFO  o.e.b.c.i.u.g.PublishedGradleVersions - Gradle version information cache is out-of-date. Trying to update.
2025-10-09 13:08:31,014 [Worker-1: Loading available Gradle versions] INFO  o.e.b.c.i.u.g.PublishedGradleVersions - Gradle version information cache is out-of-date. Trying to update.
2025-10-10 15:05:22,353 [Worker-2: Loading available Gradle versions] INFO  o.e.b.c.i.u.g.PublishedGradleVersions - Gradle version information cache is out-of-date. Trying to update.
2025-10-11 13:23:40,061 [Worker-2: Loading available Gradle versions] INFO  o.e.b.c.i.u.g.PublishedGradleVersions - Gradle version information cache is up-to-date. Trying to read.
2025-10-14 13:25:55,721 [Worker-0: Loading available Gradle versions] INFO  o.e.b.c.i.u.g.PublishedGradleVersions - Gradle version information cache is out-of-date. Trying to update.
2025-10-30 13:38:00,971 [Worker-0: Loading available Gradle versions] INFO  o.e.b.c.i.u.g.PublishedGradleVersions - Gradle version information cache is out-of-date. Trying to update.
2025-11-01 13:16:36,694 [Worker-1: Loading available Gradle versions] INFO  o.e.b.c.i.u.g.PublishedGradleVersions - Gradle version information cache is out-of-date. Trying to update.
2025-11-04 13:19:46,626 [Worker-2: Loading available Gradle versions] INFO  o.e.b.c.i.u.g.PublishedGradleVersions - Gradle version information cache is out-of-date. Trying to update.
2025-11-05 14:11:52,397 [Worker-0: Loading available Gradle versions] INFO  o.e.b.c.i.u.g.PublishedGradleVersions - Gradle version information cache is out-of-date. Trying to update.
2025-11-06 13:27:37,486 [Worker-1: Loading available Gradle versions] INFO  o.e.b.c.i.u.g.PublishedGradleVersions - Gradle version information cache is up-to-date. Trying to read.
2025-11-08 14:58:04,566 [Worker-1: Loading available Gradle versions] INFO  o.e.b.c.i.u.g.PublishedGradleVersions - Gradle version information cache is out-of-date. Trying to update.
2025-11-10 13:52:06,125 [Worker-0: Loading available Gradle versions] INFO  o.e.b.c.i.u.g.PublishedGradleVersions - Gradle version information cache is out-of-date. Trying to update.
2025-11-11 13:21:49,642 [Worker-2: Loading available Gradle versions] INFO  o.e.b.c.i.u.g.PublishedGradleVersions - Gradle version information cache is up-to-date. Trying to read.
2025-11-13 13:07:37,074 [Worker-1: Loading available Gradle versions] INFO  o.e.b.c.i.u.g.PublishedGradleVersions - Gradle version information cache is out-of-date. Trying to update.
2025-11-15 13:10:21,153 [Worker-1: Loading available Gradle versions] INFO  o.e.b.c.i.u.g.PublishedGradleVersions - Gradle version information cache is out-of-date. Trying to update.
2025-12-02 13:25:39,014 [Worker-1: Loading available Gradle versions] INFO  o.e.b.c.i.u.g.PublishedGradleVersions - Gradle version information cache is out-of-date. Trying to update.
2025-12-04 13:15:32,444 [Worker-0: Loading available Gradle versions] INFO  o.e.b.c.i.u.g.PublishedGradleVersions - Gradle version information cache is out-of-date. Trying to update.
2025-12-05 11:30:15,592 [Worker-0: Loading available Gradle versions] INFO  o.e.b.c.i.u.g.PublishedGradleVersions - Gradle version information cache is up-to-date. Trying to read.
2025-12-06 13:14:30,608 [Worker-0: Loading available Gradle versions] INFO  o.e.b.c.i.u.g.PublishedGradleVersions - Gradle version information cache is out-of-date. Trying to update.
2025-12-11 13:13:43,937 [Worker-0: Loading available Gradle versions] INFO  o.e.b.c.i.u.g.PublishedGradleVersions - Gradle version information cache is out-of-date. Trying to update.
2025-12-16 13:21:47,444 [Worker-0: Loading available Gradle versions] INFO  o.e.b.c.i.u.g.PublishedGradleVersions - Gradle version information cache is out-of-date. Trying to update.
2025-12-18 13:20:26,886 [Worker-2: Loading available Gradle versions] INFO  o.e.b.c.i.u.g.PublishedGradleVersions - Gradle version information cache is out-of-date. Trying to update.
2025-12-18 13:24:28,487 [Worker-0: Loading available Gradle versions] INFO  o.e.b.c.i.u.g.PublishedGradleVersions - Gradle version information cache is up-to-date. Trying to read.
2025-12-18 14:25:51,768 [Worker-1: Loading available Gradle versions] INFO  o.e.b.c.i.u.g.PublishedGradleVersions - Gradle version information cache is up-to-date. Trying to read.
2025-12-20 13:28:28,293 [Worker-2: Loading available Gradle versions] INFO  o.e.b.c.i.u.g.PublishedGradleVersions - Gradle version information cache is out-of-date. Trying to update.
2025-12-20 13:28:29,259 [Worker-2: Loading available Gradle versions] INFO  o.e.b.c.i.u.g.PublishedGradleVersions - Updating Gradle version information cache failed. Using outdated cache.
2025-12-23 13:20:44,056 [Worker-2: Loading available Gradle versions] INFO  o.e.b.c.i.u.g.PublishedGradleVersions - Gradle version information cache is out-of-date. Trying to update.
2025-12-25 13:21:52,964 [Worker-12: Loading available Gradle versions] INFO  o.e.b.c.i.u.g.PublishedGradleVersions - Gradle version information cache is out-of-date. Trying to update.
2025-12-27 13:17:22,738 [Worker-2: Loading available Gradle versions] INFO  o.e.b.c.i.u.g.PublishedGradleVersions - Gradle version information cache is out-of-date. Trying to update.
2026-01-01 13:12:31,988 [Worker-0: Loading available Gradle versions] INFO  o.e.b.c.i.u.g.PublishedGradleVersions - Gradle version information cache is out-of-date. Trying to update.
2026-01-02 12:24:14,890 [Worker-2: Loading available Gradle versions] INFO  o.e.b.c.i.u.g.PublishedGradleVersions - Gradle version information cache is up-to-date. Trying to read.
2026-01-03 13:12:19,334 [Worker-1: Loading available Gradle versions] INFO  o.e.b.c.i.u.g.PublishedGradleVersions - Gradle version information cache is out-of-date. Trying to update.
2026-01-03 13:16:01,346 [Worker-2: Loading available Gradle versions] INFO  o.e.b.c.i.u.g.PublishedGradleVersions - Gradle version information cache is up-to-date. Trying to read.
2026-01-03 14:39:54,657 [Worker-1: Loading available Gradle versions] INFO  o.e.b.c.i.u.g.PublishedGradleVersions - Gradle version information cache is up-to-date. Trying to read.
2026-01-07 12:02:08,397 [Worker-2: Loading available Gradle versions] INFO  o.e.b.c.i.u.g.PublishedGradleVersions - Gradle version information cache is out-of-date. Trying to update.
2026-01-08 13:13:27,100 [Worker-1: Loading available Gradle versions] INFO  o.e.b.c.i.u.g.PublishedGradleVersions - Gradle version information cache is out-of-date. Trying to update.
2026-01-08 14:37:21,898 [Worker-14: Launching mavenrun-34d274a5-2a1d-4f4a-8928-ce3639a6e703] INFO  o.eclipse.m2e.core.internal.Bundles - getClasspathEntries(Bundle=org.eclipse.m2e.maven.runtime_3.9.900.20250220-2013 [639])
2026-01-08 14:37:21,911 [Worker-14: Launching mavenrun-34d274a5-2a1d-4f4a-8928-ce3639a6e703] INFO  o.eclipse.m2e.core.internal.Bundles - 	Entry: C:\Users\Tops\.p2\pool\plugins\org.eclipse.m2e.maven.runtime_3.9.900.20250220-2013
2026-01-08 14:37:21,911 [Worker-14: Launching mavenrun-34d274a5-2a1d-4f4a-8928-ce3639a6e703] INFO  o.eclipse.m2e.core.internal.Bundles - 	Entry: C:\Users\Tops\.p2\pool\plugins\org.eclipse.m2e.maven.runtime_3.9.900.20250220-2013\jars\aopalliance-1.0.jar
2026-01-08 14:37:21,912 [Worker-14: Launching mavenrun-34d274a5-2a1d-4f4a-8928-ce3639a6e703] INFO  o.eclipse.m2e.core.internal.Bundles - 	Entry: C:\Users\Tops\.p2\pool\plugins\org.eclipse.m2e.maven.runtime_3.9.900.20250220-2013\jars\guice-5.1.0.jar
2026-01-08 14:37:21,912 [Worker-14: Launching mavenrun-34d274a5-2a1d-4f4a-8928-ce3639a6e703] INFO  o.eclipse.m2e.core.internal.Bundles - 	Entry: C:\Users\Tops\.p2\pool\plugins\org.eclipse.m2e.maven.runtime_3.9.900.20250220-2013\jars\httpclient-4.5.14.jar
2026-01-08 14:37:21,912 [Worker-14: Launching mavenrun-34d274a5-2a1d-4f4a-8928-ce3639a6e703] INFO  o.eclipse.m2e.core.internal.Bundles - 	Entry: C:\Users\Tops\.p2\pool\plugins\org.eclipse.m2e.maven.runtime_3.9.900.20250220-2013\jars\httpcore-4.4.16.jar
2026-01-08 14:37:21,913 [Worker-14: Launching mavenrun-34d274a5-2a1d-4f4a-8928-ce3639a6e703] INFO  o.eclipse.m2e.core.internal.Bundles - 	Entry: C:\Users\Tops\.p2\pool\plugins\org.eclipse.m2e.maven.runtime_3.9.900.20250220-2013\jars\jansi-2.4.1.jar
2026-01-08 14:37:21,913 [Worker-14: Launching mavenrun-34d274a5-2a1d-4f4a-8928-ce3639a6e703] INFO  o.eclipse.m2e.core.internal.Bundles - 	Entry: C:\Users\Tops\.p2\pool\plugins\org.eclipse.m2e.maven.runtime_3.9.900.20250220-2013\jars\jcl-over-slf4j-1.7.36.jar
2026-01-08 14:37:21,913 [Worker-14: Launching mavenrun-34d274a5-2a1d-4f4a-8928-ce3639a6e703] INFO  o.eclipse.m2e.core.internal.Bundles - 	Entry: C:\Users\Tops\.p2\pool\plugins\org.eclipse.m2e.maven.runtime_3.9.900.20250220-2013\jars\maven-artifact-3.9.9.jar
2026-01-08 14:37:21,913 [Worker-14: Launching mavenrun-34d274a5-2a1d-4f4a-8928-ce3639a6e703] INFO  o.eclipse.m2e.core.internal.Bundles - 	Entry: C:\Users\Tops\.p2\pool\plugins\org.eclipse.m2e.maven.runtime_3.9.900.20250220-2013\jars\maven-builder-support-3.9.9.jar
2026-01-08 14:37:21,914 [Worker-14: Launching mavenrun-34d274a5-2a1d-4f4a-8928-ce3639a6e703] INFO  o.eclipse.m2e.core.internal.Bundles - 	Entry: C:\Users\Tops\.p2\pool\plugins\org.eclipse.m2e.maven.runtime_3.9.900.20250220-2013\jars\maven-compat-3.9.9.jar
2026-01-08 14:37:21,916 [Worker-14: Launching mavenrun-34d274a5-2a1d-4f4a-8928-ce3639a6e703] INFO  o.eclipse.m2e.core.internal.Bundles - 	Entry: C:\Users\Tops\.p2\pool\plugins\org.eclipse.m2e.maven.runtime_3.9.900.20250220-2013\jars\maven-core-3.9.9.jar
2026-01-08 14:37:21,916 [Worker-14: Launching mavenrun-34d274a5-2a1d-4f4a-8928-ce3639a6e703] INFO  o.eclipse.m2e.core.internal.Bundles - 	Entry: C:\Users\Tops\.p2\pool\plugins\org.eclipse.m2e.maven.runtime_3.9.900.20250220-2013\jars\maven-embedder-3.9.9.jar
2026-01-08 14:37:21,917 [Worker-14: Launching mavenrun-34d274a5-2a1d-4f4a-8928-ce3639a6e703] INFO  o.eclipse.m2e.core.internal.Bundles - 	Entry: C:\Users\Tops\.p2\pool\plugins\org.eclipse.m2e.maven.runtime_3.9.900.20250220-2013\jars\maven-model-3.9.9.jar
2026-01-08 14:37:21,917 [Worker-14: Launching mavenrun-34d274a5-2a1d-4f4a-8928-ce3639a6e703] INFO  o.eclipse.m2e.core.internal.Bundles - 	Entry: C:\Users\Tops\.p2\pool\plugins\org.eclipse.m2e.maven.runtime_3.9.900.20250220-2013\jars\maven-model-builder-3.9.9.jar
2026-01-08 14:37:21,917 [Worker-14: Launching mavenrun-34d274a5-2a1d-4f4a-8928-ce3639a6e703] INFO  o.eclipse.m2e.core.internal.Bundles - 	Entry: C:\Users\Tops\.p2\pool\plugins\org.eclipse.m2e.maven.runtime_3.9.900.20250220-2013\jars\maven-plugin-api-3.9.9.jar
2026-01-08 14:37:21,918 [Worker-14: Launching mavenrun-34d274a5-2a1d-4f4a-8928-ce3639a6e703] INFO  o.eclipse.m2e.core.internal.Bundles - 	Entry: C:\Users\Tops\.p2\pool\plugins\org.eclipse.m2e.maven.runtime_3.9.900.20250220-2013\jars\maven-repository-metadata-3.9.9.jar
2026-01-08 14:37:21,919 [Worker-14: Launching mavenrun-34d274a5-2a1d-4f4a-8928-ce3639a6e703] INFO  o.eclipse.m2e.core.internal.Bundles - 	Entry: C:\Users\Tops\.p2\pool\plugins\org.eclipse.m2e.maven.runtime_3.9.900.20250220-2013\jars\maven-resolver-api-1.9.22.jar
2026-01-08 14:37:21,919 [Worker-14: Launching mavenrun-34d274a5-2a1d-4f4a-8928-ce3639a6e703] INFO  o.eclipse.m2e.core.internal.Bundles - 	Entry: C:\Users\Tops\.p2\pool\plugins\org.eclipse.m2e.maven.runtime_3.9.900.20250220-2013\jars\maven-resolver-connector-basic-1.9.22.jar
2026-01-08 14:37:21,919 [Worker-14: Launching mavenrun-34d274a5-2a1d-4f4a-8928-ce3639a6e703] INFO  o.eclipse.m2e.core.internal.Bundles - 	Entry: C:\Users\Tops\.p2\pool\plugins\org.eclipse.m2e.maven.runtime_3.9.900.20250220-2013\jars\maven-resolver-impl-1.9.22.jar
2026-01-08 14:37:21,919 [Worker-14: Launching mavenrun-34d274a5-2a1d-4f4a-8928-ce3639a6e703] INFO  o.eclipse.m2e.core.internal.Bundles - 	Entry: C:\Users\Tops\.p2\pool\plugins\org.eclipse.m2e.maven.runtime_3.9.900.20250220-2013\jars\maven-resolver-named-locks-1.9.22.jar
2026-01-08 14:37:21,919 [Worker-14: Launching mavenrun-34d274a5-2a1d-4f4a-8928-ce3639a6e703] INFO  o.eclipse.m2e.core.internal.Bundles - 	Entry: C:\Users\Tops\.p2\pool\plugins\org.eclipse.m2e.maven.runtime_3.9.900.20250220-2013\jars\maven-resolver-provider-3.9.9.jar
2026-01-08 14:37:21,919 [Worker-14: Launching mavenrun-34d274a5-2a1d-4f4a-8928-ce3639a6e703] INFO  o.eclipse.m2e.core.internal.Bundles - 	Entry: C:\Users\Tops\.p2\pool\plugins\org.eclipse.m2e.maven.runtime_3.9.900.20250220-2013\jars\maven-resolver-spi-1.9.22.jar
2026-01-08 14:37:21,919 [Worker-14: Launching mavenrun-34d274a5-2a1d-4f4a-8928-ce3639a6e703] INFO  o.eclipse.m2e.core.internal.Bundles - 	Entry: C:\Users\Tops\.p2\pool\plugins\org.eclipse.m2e.maven.runtime_3.9.900.20250220-2013\jars\maven-resolver-transport-file-1.9.22.jar
2026-01-08 14:37:21,920 [Worker-14: Launching mavenrun-34d274a5-2a1d-4f4a-8928-ce3639a6e703] INFO  o.eclipse.m2e.core.internal.Bundles - 	Entry: C:\Users\Tops\.p2\pool\plugins\org.eclipse.m2e.maven.runtime_3.9.900.20250220-2013\jars\maven-resolver-transport-http-1.9.22.jar
2026-01-08 14:37:21,920 [Worker-14: Launching mavenrun-34d274a5-2a1d-4f4a-8928-ce3639a6e703] INFO  o.eclipse.m2e.core.internal.Bundles - 	Entry: C:\Users\Tops\.p2\pool\plugins\org.eclipse.m2e.maven.runtime_3.9.900.20250220-2013\jars\maven-resolver-transport-wagon-1.9.22.jar
2026-01-08 14:37:21,920 [Worker-14: Launching mavenrun-34d274a5-2a1d-4f4a-8928-ce3639a6e703] INFO  o.eclipse.m2e.core.internal.Bundles - 	Entry: C:\Users\Tops\.p2\pool\plugins\org.eclipse.m2e.maven.runtime_3.9.900.20250220-2013\jars\maven-resolver-util-1.9.22.jar
2026-01-08 14:37:21,920 [Worker-14: Launching mavenrun-34d274a5-2a1d-4f4a-8928-ce3639a6e703] INFO  o.eclipse.m2e.core.internal.Bundles - 	Entry: C:\Users\Tops\.p2\pool\plugins\org.eclipse.m2e.maven.runtime_3.9.900.20250220-2013\jars\maven-settings-3.9.9.jar
2026-01-08 14:37:21,921 [Worker-14: Launching mavenrun-34d274a5-2a1d-4f4a-8928-ce3639a6e703] INFO  o.eclipse.m2e.core.internal.Bundles - 	Entry: C:\Users\Tops\.p2\pool\plugins\org.eclipse.m2e.maven.runtime_3.9.900.20250220-2013\jars\maven-settings-builder-3.9.9.jar
2026-01-08 14:37:21,921 [Worker-14: Launching mavenrun-34d274a5-2a1d-4f4a-8928-ce3639a6e703] INFO  o.eclipse.m2e.core.internal.Bundles - 	Entry: C:\Users\Tops\.p2\pool\plugins\org.eclipse.m2e.maven.runtime_3.9.900.20250220-2013\jars\maven-shared-utils-3.4.2.jar
2026-01-08 14:37:21,921 [Worker-14: Launching mavenrun-34d274a5-2a1d-4f4a-8928-ce3639a6e703] INFO  o.eclipse.m2e.core.internal.Bundles - 	Entry: C:\Users\Tops\.p2\pool\plugins\org.eclipse.m2e.maven.runtime_3.9.900.20250220-2013\jars\org.eclipse.sisu.inject-0.9.0.M3.jar
2026-01-08 14:37:21,921 [Worker-14: Launching mavenrun-34d274a5-2a1d-4f4a-8928-ce3639a6e703] INFO  o.eclipse.m2e.core.internal.Bundles - 	Entry: C:\Users\Tops\.p2\pool\plugins\org.eclipse.m2e.maven.runtime_3.9.900.20250220-2013\jars\org.eclipse.sisu.plexus-0.9.0.M3.jar
2026-01-08 14:37:21,921 [Worker-14: Launching mavenrun-34d274a5-2a1d-4f4a-8928-ce3639a6e703] INFO  o.eclipse.m2e.core.internal.Bundles - 	Entry: C:\Users\Tops\.p2\pool\plugins\org.eclipse.m2e.maven.runtime_3.9.900.20250220-2013\jars\plexus-build-api-0.0.7.jar
2026-01-08 14:37:21,922 [Worker-14: Launching mavenrun-34d274a5-2a1d-4f4a-8928-ce3639a6e703] INFO  o.eclipse.m2e.core.internal.Bundles - 	Entry: C:\Users\Tops\.p2\pool\plugins\org.eclipse.m2e.maven.runtime_3.9.900.20250220-2013\jars\plexus-build-api-1.2.0.jar
2026-01-08 14:37:21,922 [Worker-14: Launching mavenrun-34d274a5-2a1d-4f4a-8928-ce3639a6e703] INFO  o.eclipse.m2e.core.internal.Bundles - 	Entry: C:\Users\Tops\.p2\pool\plugins\org.eclipse.m2e.maven.runtime_3.9.900.20250220-2013\jars\plexus-cipher-2.0.jar
2026-01-08 14:37:21,922 [Worker-14: Launching mavenrun-34d274a5-2a1d-4f4a-8928-ce3639a6e703] INFO  o.eclipse.m2e.core.internal.Bundles - 	Entry: C:\Users\Tops\.p2\pool\plugins\org.eclipse.m2e.maven.runtime_3.9.900.20250220-2013\jars\plexus-classworlds-2.8.0.jar
2026-01-08 14:37:21,922 [Worker-14: Launching mavenrun-34d274a5-2a1d-4f4a-8928-ce3639a6e703] INFO  o.eclipse.m2e.core.internal.Bundles - 	Entry: C:\Users\Tops\.p2\pool\plugins\org.eclipse.m2e.maven.runtime_3.9.900.20250220-2013\jars\plexus-component-annotations-2.1.0.jar
2026-01-08 14:37:21,923 [Worker-14: Launching mavenrun-34d274a5-2a1d-4f4a-8928-ce3639a6e703] INFO  o.eclipse.m2e.core.internal.Bundles - 	Entry: C:\Users\Tops\.p2\pool\plugins\org.eclipse.m2e.maven.runtime_3.9.900.20250220-2013\jars\plexus-interpolation-1.27.jar
2026-01-08 14:37:21,923 [Worker-14: Launching mavenrun-34d274a5-2a1d-4f4a-8928-ce3639a6e703] INFO  o.eclipse.m2e.core.internal.Bundles - 	Entry: C:\Users\Tops\.p2\pool\plugins\org.eclipse.m2e.maven.runtime_3.9.900.20250220-2013\jars\plexus-sec-dispatcher-2.0.jar
2026-01-08 14:37:21,923 [Worker-14: Launching mavenrun-34d274a5-2a1d-4f4a-8928-ce3639a6e703] INFO  o.eclipse.m2e.core.internal.Bundles - 	Entry: C:\Users\Tops\.p2\pool\plugins\org.eclipse.m2e.maven.runtime_3.9.900.20250220-2013\jars\plexus-utils-3.5.1.jar
2026-01-08 14:37:21,923 [Worker-14: Launching mavenrun-34d274a5-2a1d-4f4a-8928-ce3639a6e703] INFO  o.eclipse.m2e.core.internal.Bundles - 	Entry: C:\Users\Tops\.p2\pool\plugins\org.eclipse.m2e.maven.runtime_3.9.900.20250220-2013\jars\plexus-xml-3.0.1.jar
2026-01-08 14:37:21,924 [Worker-14: Launching mavenrun-34d274a5-2a1d-4f4a-8928-ce3639a6e703] INFO  o.eclipse.m2e.core.internal.Bundles - 	Entry: C:\Users\Tops\.p2\pool\plugins\org.eclipse.m2e.maven.runtime_3.9.900.20250220-2013\jars\wagon-file-3.5.3.jar
2026-01-08 14:37:21,924 [Worker-14: Launching mavenrun-34d274a5-2a1d-4f4a-8928-ce3639a6e703] INFO  o.eclipse.m2e.core.internal.Bundles - 	Entry: C:\Users\Tops\.p2\pool\plugins\org.eclipse.m2e.maven.runtime_3.9.900.20250220-2013\jars\wagon-http-3.5.3.jar
2026-01-08 14:37:21,925 [Worker-14: Launching mavenrun-34d274a5-2a1d-4f4a-8928-ce3639a6e703] INFO  o.eclipse.m2e.core.internal.Bundles - 	Entry: C:\Users\Tops\.p2\pool\plugins\org.eclipse.m2e.maven.runtime_3.9.900.20250220-2013\jars\wagon-http-shared-3.5.3.jar
2026-01-08 14:37:21,925 [Worker-14: Launching mavenrun-34d274a5-2a1d-4f4a-8928-ce3639a6e703] INFO  o.eclipse.m2e.core.internal.Bundles - 	Entry: C:\Users\Tops\.p2\pool\plugins\org.eclipse.m2e.maven.runtime_3.9.900.20250220-2013\jars\wagon-provider-api-3.5.3.jar
2026-01-08 14:37:21,926 [Worker-14: Launching mavenrun-34d274a5-2a1d-4f4a-8928-ce3639a6e703] INFO  o.eclipse.m2e.core.internal.Bundles - getClasspathEntries(Bundle=com.google.guava_33.4.8.jre [18])
2026-01-08 14:37:21,927 [Worker-14: Launching mavenrun-34d274a5-2a1d-4f4a-8928-ce3639a6e703] INFO  o.eclipse.m2e.core.internal.Bundles - 	Entry: C:\Users\Tops\.p2\pool\plugins\com.google.guava_33.4.8.jre.jar
2026-01-08 14:37:21,927 [Worker-14: Launching mavenrun-34d274a5-2a1d-4f4a-8928-ce3639a6e703] INFO  o.eclipse.m2e.core.internal.Bundles - getClasspathEntries(Bundle=slf4j.api_2.0.17 [1004])
2026-01-08 14:37:21,928 [Worker-14: Launching mavenrun-34d274a5-2a1d-4f4a-8928-ce3639a6e703] INFO  o.eclipse.m2e.core.internal.Bundles - 	Entry: C:\Users\Tops\.p2\pool\plugins\slf4j.api_2.0.17.jar
2026-01-08 14:37:21,928 [Worker-14: Launching mavenrun-34d274a5-2a1d-4f4a-8928-ce3639a6e703] INFO  o.eclipse.m2e.core.internal.Bundles - getClasspathEntries(Bundle=jakarta.inject.jakarta.inject-api_1.0.5 [35])
2026-01-08 14:37:21,928 [Worker-14: Launching mavenrun-34d274a5-2a1d-4f4a-8928-ce3639a6e703] INFO  o.eclipse.m2e.core.internal.Bundles - 	Entry: C:\Users\Tops\.p2\pool\plugins\jakarta.inject.jakarta.inject-api_1.0.5.jar
2026-01-08 14:37:21,928 [Worker-14: Launching mavenrun-34d274a5-2a1d-4f4a-8928-ce3639a6e703] INFO  o.eclipse.m2e.core.internal.Bundles - getClasspathEntries(Bundle=javax.annotation_1.3.5.v20200909-1856 [45])
2026-01-08 14:37:21,929 [Worker-14: Launching mavenrun-34d274a5-2a1d-4f4a-8928-ce3639a6e703] INFO  o.eclipse.m2e.core.internal.Bundles - 	Entry: C:\Users\Tops\.p2\pool\plugins\javax.annotation_1.3.5.v20200909-1856.jar
2026-01-08 14:37:21,929 [Worker-14: Launching mavenrun-34d274a5-2a1d-4f4a-8928-ce3639a6e703] INFO  o.eclipse.m2e.core.internal.Bundles - getClasspathEntries(Bundle=org.apache.commons.cli_1.9.0 [76])
2026-01-08 14:37:21,929 [Worker-14: Launching mavenrun-34d274a5-2a1d-4f4a-8928-ce3639a6e703] INFO  o.eclipse.m2e.core.internal.Bundles - 	Entry: C:\Users\Tops\.p2\pool\plugins\org.apache.commons.cli_1.9.0.jar
2026-01-08 14:37:21,929 [Worker-14: Launching mavenrun-34d274a5-2a1d-4f4a-8928-ce3639a6e703] INFO  o.eclipse.m2e.core.internal.Bundles - getClasspathEntries(Bundle=org.apache.commons.commons-codec_1.16.0 [78])
2026-01-08 14:37:21,929 [Worker-14: Launching mavenrun-34d274a5-2a1d-4f4a-8928-ce3639a6e703] INFO  o.eclipse.m2e.core.internal.Bundles - 	Entry: C:\Users\Tops\.p2\pool\plugins\org.apache.commons.commons-codec_1.16.0.jar
2026-01-08 14:37:21,929 [Worker-14: Launching mavenrun-34d274a5-2a1d-4f4a-8928-ce3639a6e703] INFO  o.eclipse.m2e.core.internal.Bundles - getClasspathEntries(Bundle=com.google.guava.failureaccess_1.0.3 [19])
2026-01-08 14:37:21,930 [Worker-14: Launching mavenrun-34d274a5-2a1d-4f4a-8928-ce3639a6e703] INFO  o.eclipse.m2e.core.internal.Bundles - 	Entry: C:\Users\Tops\.p2\pool\plugins\com.google.guava.failureaccess_1.0.3.jar
2026-01-08 14:37:21,933 [Worker-14: Launching mavenrun-34d274a5-2a1d-4f4a-8928-ce3639a6e703] INFO  o.e.m.i.launch.MavenLaunchDelegate - Run build in "C:\Users\Tops\AppData\Local\Temp\m2e-archetypeGenerator208049199937499294":
2026-01-08 14:37:21,937 [Worker-14: Launching mavenrun-34d274a5-2a1d-4f4a-8928-ce3639a6e703] INFO  o.e.m.i.launch.MavenLaunchDelegate -  mvn  -DarchetypeGroupId=org.apache.maven.archetypes -DarchetypeArtifactId=maven-archetype-webapp -DarchetypeVersion=1.0 -DgroupId=com.tops -DartifactId=JSTL -Dversion=0.0.1-SNAPSHOT -Dpackage=com.tops.JSTL -DoutputDirectory=D:\Chintan_wok\28Aug_2025_java -Dstyle.color=always -U archetype:generate
2026-01-08 14:39:27,910 [Worker-5: Creating maven-archetype-webapp] INFO  o.e.m.c.i.p.ProjectConfigurationManager - Collecting project info '/pom.xml' D:\Chintan_wok\28Aug_2025_java\JSTL\pom.xml
2026-01-08 14:39:28,607 [Worker-5: Creating maven-archetype-webapp] INFO  o.e.m.c.i.l.LifecycleMappingFactory - Using org.maven.ide.eclipse.wtp.WarLifecycleMapping lifecycle mapping for MavenProject: com.tops:JSTL:0.0.1-SNAPSHOT @ D:\Chintan_wok\28Aug_2025_java\JSTL\pom.xml.
2026-01-08 14:39:29,860 [Worker-5: Creating maven-archetype-webapp] INFO  o.e.m.j.i.AbstractJavaProjectConfigurator - Adding source folder /JSTL/src/main/java
2026-01-08 14:39:29,862 [Worker-5: Creating maven-archetype-webapp] INFO  o.e.m.j.i.AbstractJavaProjectConfigurator - Adding resource folder /JSTL/src/main/resources
2026-01-08 14:39:29,863 [Worker-5: Creating maven-archetype-webapp] INFO  o.e.m.j.i.AbstractJavaProjectConfigurator - Adding source folder /JSTL/src/test/java
2026-01-08 14:39:29,864 [Worker-5: Creating maven-archetype-webapp] INFO  o.e.m.j.i.AbstractJavaProjectConfigurator - Adding resource folder /JSTL/src/test/resources
2026-01-08 14:39:30,410 [Worker-5: Creating maven-archetype-webapp] INFO  o.e.m.c.i.p.ProjectConfigurationManager - Imported and configured 1 project(s) in 2 sec
2026-01-08 14:39:30,745 [Worker-5: Building] WARN  o.a.m.s.f.DefaultMavenResourcesFiltering - Using platform encoding (UTF-8 actually) to copy filtered resources, i.e. build is platform dependent!
2026-01-08 14:39:30,751 [Worker-5: Building] INFO  o.a.m.s.f.DefaultMavenResourcesFiltering - Copying 0 resource from src\main\resources to target\classes
2026-01-08 14:39:30,757 [Worker-5: Building] WARN  o.a.m.s.f.DefaultMavenResourcesFiltering - Using platform encoding (UTF-8 actually) to copy filtered resources, i.e. build is platform dependent!
2026-01-08 14:39:30,759 [Worker-5: Building] INFO  o.a.m.s.f.DefaultMavenResourcesFiltering - skip non existing resourceDirectory D:\Chintan_wok\28Aug_2025_java\JSTL\src\test\resources
2026-01-08 14:39:31,780 [Worker-19: Building] WARN  o.a.m.s.f.DefaultMavenResourcesFiltering - Using platform encoding (UTF-8 actually) to copy filtered resources, i.e. build is platform dependent!
2026-01-08 14:39:31,786 [Worker-19: Building] INFO  o.a.m.s.f.DefaultMavenResourcesFiltering - Copying 0 resource from src\main\resources to target\classes
2026-01-08 14:39:31,789 [Worker-19: Building] WARN  o.a.m.s.f.DefaultMavenResourcesFiltering - Using platform encoding (UTF-8 actually) to copy filtered resources, i.e. build is platform dependent!
2026-01-08 14:39:31,789 [Worker-19: Building] INFO  o.a.m.s.f.DefaultMavenResourcesFiltering - skip non existing resourceDirectory D:\Chintan_wok\28Aug_2025_java\JSTL\src\test\resources
2026-01-08 14:39:57,948 [Worker-19: Building] WARN  o.a.m.s.f.DefaultMavenResourcesFiltering - Using platform encoding (UTF-8 actually) to copy filtered resources, i.e. build is platform dependent!
2026-01-08 14:39:57,949 [Worker-19: Building] INFO  o.a.m.s.f.DefaultMavenResourcesFiltering - Copying 0 resource from src\main\resources to target\classes
2026-01-08 14:39:57,955 [Worker-19: Building] WARN  o.a.m.s.f.DefaultMavenResourcesFiltering - Using platform encoding (UTF-8 actually) to copy filtered resources, i.e. build is platform dependent!
2026-01-08 14:39:57,955 [Worker-19: Building] INFO  o.a.m.s.f.DefaultMavenResourcesFiltering - skip non existing resourceDirectory D:\Chintan_wok\28Aug_2025_java\JSTL\src\test\resources
2026-01-08 14:41:15,557 [Worker-18: Building] INFO  o.e.m.c.i.l.LifecycleMappingFactory - Using org.maven.ide.eclipse.wtp.WarLifecycleMapping lifecycle mapping for MavenProject: com.tops:JSTL:0.0.1-SNAPSHOT @ D:\Chintan_wok\28Aug_2025_java\JSTL\pom.xml.
2026-01-08 14:41:15,760 [Worker-18: Building] INFO  o.e.m.c.i.e.AbstractTransferListenerAdapter - Downloading https://repo.maven.apache.org/maven2/mysql/mysql-connector-java/8.0.20/mysql-connector-java-8.0.20.pom
2026-01-08 14:41:15,771 [Worker-18: Building] INFO  o.e.m.c.i.e.AbstractTransferListenerAdapter - Downloaded https://repo.maven.apache.org/maven2/mysql/mysql-connector-java/8.0.20/mysql-connector-java-8.0.20.pom
2026-01-08 14:41:15,910 [Worker-18: Building] INFO  o.e.m.c.i.e.AbstractTransferListenerAdapter - Downloading https://repo.maven.apache.org/maven2/com/google/protobuf/protobuf-java/3.6.1/protobuf-java-3.6.1.pom
2026-01-08 14:41:15,916 [Worker-18: Building] INFO  o.e.m.c.i.e.AbstractTransferListenerAdapter - Downloaded https://repo.maven.apache.org/maven2/com/google/protobuf/protobuf-java/3.6.1/protobuf-java-3.6.1.pom
2026-01-08 14:41:16,018 [Worker-18: Building] INFO  o.e.m.c.i.e.AbstractTransferListenerAdapter - Downloading https://repo.maven.apache.org/maven2/com/google/protobuf/protobuf-parent/3.6.1/protobuf-parent-3.6.1.pom
2026-01-08 14:41:16,022 [Worker-18: Building] INFO  o.e.m.c.i.e.AbstractTransferListenerAdapter - Downloaded https://repo.maven.apache.org/maven2/com/google/protobuf/protobuf-parent/3.6.1/protobuf-parent-3.6.1.pom
2026-01-08 14:41:16,104 [Worker-18: Building] INFO  o.e.m.c.i.e.AbstractTransferListenerAdapter - Downloading https://repo.maven.apache.org/maven2/mysql/mysql-connector-java/8.0.20/mysql-connector-java-8.0.20.jar
2026-01-08 14:41:16,554 [Worker-18: Building] INFO  o.e.m.c.i.e.AbstractTransferListenerAdapter - Downloaded https://repo.maven.apache.org/maven2/mysql/mysql-connector-java/8.0.20/mysql-connector-java-8.0.20.jar
2026-01-08 14:41:16,601 [BasicRepositoryConnector-repo.maven.apache.org-0-0] INFO  o.e.m.c.i.e.AbstractTransferListenerAdapter - Downloading https://repo.maven.apache.org/maven2/com/google/protobuf/protobuf-java/3.6.1/protobuf-java-3.6.1.jar
2026-01-08 14:41:16,886 [BasicRepositoryConnector-repo.maven.apache.org-0-0] INFO  o.e.m.c.i.e.AbstractTransferListenerAdapter - Downloaded https://repo.maven.apache.org/maven2/com/google/protobuf/protobuf-java/3.6.1/protobuf-java-3.6.1.jar
2026-01-08 14:41:17,647 [Worker-18: Building] WARN  o.a.m.s.f.DefaultMavenResourcesFiltering - Using platform encoding (UTF-8 actually) to copy filtered resources, i.e. build is platform dependent!
2026-01-08 14:41:17,649 [Worker-18: Building] INFO  o.a.m.s.f.DefaultMavenResourcesFiltering - Copying 0 resource from src\main\resources to target\classes
2026-01-08 14:41:17,657 [Worker-18: Building] WARN  o.a.m.s.f.DefaultMavenResourcesFiltering - Using platform encoding (UTF-8 actually) to copy filtered resources, i.e. build is platform dependent!
2026-01-08 14:41:17,658 [Worker-18: Building] INFO  o.a.m.s.f.DefaultMavenResourcesFiltering - skip non existing resourceDirectory D:\Chintan_wok\28Aug_2025_java\JSTL\src\test\resources
2026-01-08 14:41:17,659 [Worker-18: Building] INFO  o.e.m.w.i.f.ResourceFilteringBuildParticipant - Changed resources require a complete clean of filtered resources of JSTL
2026-01-08 14:41:17,660 [Worker-18: Building] INFO  o.e.m.w.i.f.ResourceFilteringBuildParticipant - Executing resource filtering for JSTL
2026-01-08 14:41:18,904 [Worker-19: Download sources and javadoc] INFO  o.e.m.c.i.e.AbstractTransferListenerAdapter - Downloading https://repo.maven.apache.org/maven2/mysql/mysql-connector-java/8.0.20/mysql-connector-java-8.0.20-sources.jar
2026-01-08 14:41:19,110 [Worker-19: Download sources and javadoc] INFO  o.e.m.c.i.e.AbstractTransferListenerAdapter - Downloaded https://repo.maven.apache.org/maven2/mysql/mysql-connector-java/8.0.20/mysql-connector-java-8.0.20-sources.jar
2026-01-08 14:41:19,115 [Worker-19: Download sources and javadoc] INFO  o.e.m.j.internal.DownloadSourcesJob - Downloaded sources for mysql:mysql-connector-java:8.0.20
2026-01-08 14:41:19,215 [Worker-19: Download sources and javadoc] INFO  o.e.m.c.i.e.AbstractTransferListenerAdapter - Downloading https://repo.maven.apache.org/maven2/com/google/protobuf/protobuf-java/3.6.1/protobuf-java-3.6.1-sources.jar
2026-01-08 14:41:19,298 [Worker-19: Download sources and javadoc] INFO  o.e.m.c.i.e.AbstractTransferListenerAdapter - Downloaded https://repo.maven.apache.org/maven2/com/google/protobuf/protobuf-java/3.6.1/protobuf-java-3.6.1-sources.jar
2026-01-08 14:41:19,302 [Worker-19: Download sources and javadoc] INFO  o.e.m.j.internal.DownloadSourcesJob - Downloaded sources for com.google.protobuf:protobuf-java:3.6.1
2026-01-08 14:41:47,567 [Worker-14: Building] INFO  o.e.m.c.i.l.LifecycleMappingFactory - Using org.maven.ide.eclipse.wtp.WarLifecycleMapping lifecycle mapping for MavenProject: com.tops:JSTL:0.0.1-SNAPSHOT @ D:\Chintan_wok\28Aug_2025_java\JSTL\pom.xml.
2026-01-08 14:41:47,684 [Worker-14: Building] INFO  o.e.m.c.i.e.AbstractTransferListenerAdapter - Downloading https://repo.maven.apache.org/maven2/mysql/mysql-connector-java/8.0.21/mysql-connector-java-8.0.21.pom
2026-01-08 14:41:47,688 [Worker-14: Building] INFO  o.e.m.c.i.e.AbstractTransferListenerAdapter - Downloaded https://repo.maven.apache.org/maven2/mysql/mysql-connector-java/8.0.21/mysql-connector-java-8.0.21.pom
2026-01-08 14:41:47,743 [Worker-14: Building] INFO  o.e.m.c.i.e.AbstractTransferListenerAdapter - Downloading https://repo.maven.apache.org/maven2/mysql/mysql-connector-java/8.0.21/mysql-connector-java-8.0.21.jar
2026-01-08 14:41:47,976 [Worker-14: Building] INFO  o.e.m.c.i.e.AbstractTransferListenerAdapter - Downloaded https://repo.maven.apache.org/maven2/mysql/mysql-connector-java/8.0.21/mysql-connector-java-8.0.21.jar
2026-01-08 14:41:48,712 [Worker-14: Building] WARN  o.a.m.s.f.DefaultMavenResourcesFiltering - Using platform encoding (UTF-8 actually) to copy filtered resources, i.e. build is platform dependent!
2026-01-08 14:41:48,714 [Worker-14: Building] INFO  o.a.m.s.f.DefaultMavenResourcesFiltering - Copying 0 resource from src\main\resources to target\classes
2026-01-08 14:41:48,719 [Worker-14: Building] WARN  o.a.m.s.f.DefaultMavenResourcesFiltering - Using platform encoding (UTF-8 actually) to copy filtered resources, i.e. build is platform dependent!
2026-01-08 14:41:48,720 [Worker-14: Building] INFO  o.a.m.s.f.DefaultMavenResourcesFiltering - skip non existing resourceDirectory D:\Chintan_wok\28Aug_2025_java\JSTL\src\test\resources
2026-01-08 14:41:48,721 [Worker-14: Building] INFO  o.e.m.w.i.f.ResourceFilteringBuildParticipant - Changed resources require a complete clean of filtered resources of JSTL
2026-01-08 14:41:48,721 [Worker-14: Building] INFO  o.e.m.w.i.f.ResourceFilteringBuildParticipant - Executing resource filtering for JSTL
2026-01-08 14:41:49,793 [Worker-20: Download sources and javadoc] INFO  o.e.m.c.i.e.AbstractTransferListenerAdapter - Downloading https://repo.maven.apache.org/maven2/mysql/mysql-connector-java/8.0.21/mysql-connector-java-8.0.21-sources.jar
2026-01-08 14:41:50,061 [Worker-20: Download sources and javadoc] INFO  o.e.m.c.i.e.AbstractTransferListenerAdapter - Downloaded https://repo.maven.apache.org/maven2/mysql/mysql-connector-java/8.0.21/mysql-connector-java-8.0.21-sources.jar
2026-01-08 14:41:50,072 [Worker-20: Download sources and javadoc] INFO  o.e.m.j.internal.DownloadSourcesJob - Downloaded sources for mysql:mysql-connector-java:8.0.21
2026-01-08 14:41:50,190 [Worker-20: Download sources and javadoc] INFO  o.e.m.c.i.e.AbstractTransferListenerAdapter - Downloading https://repo.maven.apache.org/maven2/com/google/protobuf/protobuf-java/3.11.4/protobuf-java-3.11.4-sources.jar
2026-01-08 14:41:50,311 [Worker-20: Download sources and javadoc] INFO  o.e.m.c.i.e.AbstractTransferListenerAdapter - Downloaded https://repo.maven.apache.org/maven2/com/google/protobuf/protobuf-java/3.11.4/protobuf-java-3.11.4-sources.jar
2026-01-08 14:41:50,315 [Worker-20: Download sources and javadoc] INFO  o.e.m.j.internal.DownloadSourcesJob - Downloaded sources for com.google.protobuf:protobuf-java:3.11.4
2026-01-08 14:41:57,625 [Worker-16: Building] INFO  o.e.m.c.i.l.LifecycleMappingFactory - Using org.maven.ide.eclipse.wtp.WarLifecycleMapping lifecycle mapping for MavenProject: com.tops:JSTL:0.0.1-SNAPSHOT @ D:\Chintan_wok\28Aug_2025_java\JSTL\pom.xml.
2026-01-08 14:41:58,265 [Worker-16: Building] WARN  o.a.m.s.f.DefaultMavenResourcesFiltering - Using platform encoding (UTF-8 actually) to copy filtered resources, i.e. build is platform dependent!
2026-01-08 14:41:58,269 [Worker-16: Building] INFO  o.a.m.s.f.DefaultMavenResourcesFiltering - Copying 0 resource from src\main\resources to target\classes
2026-01-08 14:41:58,275 [Worker-16: Building] WARN  o.a.m.s.f.DefaultMavenResourcesFiltering - Using platform encoding (UTF-8 actually) to copy filtered resources, i.e. build is platform dependent!
2026-01-08 14:41:58,275 [Worker-16: Building] INFO  o.a.m.s.f.DefaultMavenResourcesFiltering - skip non existing resourceDirectory D:\Chintan_wok\28Aug_2025_java\JSTL\src\test\resources
2026-01-08 14:41:58,276 [Worker-16: Building] INFO  o.e.m.w.i.f.ResourceFilteringBuildParticipant - Changed resources require a complete clean of filtered resources of JSTL
2026-01-08 14:41:58,276 [Worker-16: Building] INFO  o.e.m.w.i.f.ResourceFilteringBuildParticipant - Executing resource filtering for JSTL
2026-01-08 14:45:40,440 [Worker-18: Building] INFO  o.e.m.c.i.l.LifecycleMappingFactory - Using org.maven.ide.eclipse.wtp.WarLifecycleMapping lifecycle mapping for MavenProject: com.tops:JSTL:0.0.1-SNAPSHOT @ D:\Chintan_wok\28Aug_2025_java\JSTL\pom.xml.
2026-01-08 14:45:41,233 [Worker-18: Building] WARN  o.a.m.s.f.DefaultMavenResourcesFiltering - Using platform encoding (UTF-8 actually) to copy filtered resources, i.e. build is platform dependent!
2026-01-08 14:45:41,236 [Worker-18: Building] INFO  o.a.m.s.f.DefaultMavenResourcesFiltering - Copying 0 resource from src\main\resources to target\classes
2026-01-08 14:45:41,242 [Worker-18: Building] WARN  o.a.m.s.f.DefaultMavenResourcesFiltering - Using platform encoding (UTF-8 actually) to copy filtered resources, i.e. build is platform dependent!
2026-01-08 14:45:41,242 [Worker-18: Building] INFO  o.a.m.s.f.DefaultMavenResourcesFiltering - skip non existing resourceDirectory D:\Chintan_wok\28Aug_2025_java\JSTL\src\test\resources
2026-01-08 14:45:41,243 [Worker-18: Building] INFO  o.e.m.w.i.f.ResourceFilteringBuildParticipant - Changed resources require a complete clean of filtered resources of JSTL
2026-01-08 14:45:41,243 [Worker-18: Building] INFO  o.e.m.w.i.f.ResourceFilteringBuildParticipant - Executing resource filtering for JSTL
2026-01-08 14:45:56,036 [Worker-5: Building] WARN  o.a.m.s.f.DefaultMavenResourcesFiltering - Using platform encoding (UTF-8 actually) to copy filtered resources, i.e. build is platform dependent!
2026-01-08 14:45:56,037 [Worker-5: Building] INFO  o.a.m.s.f.DefaultMavenResourcesFiltering - Copying 0 resource from src\main\resources to target\classes
2026-01-08 14:45:56,042 [Worker-5: Building] WARN  o.a.m.s.f.DefaultMavenResourcesFiltering - Using platform encoding (UTF-8 actually) to copy filtered resources, i.e. build is platform dependent!
2026-01-08 14:45:56,043 [Worker-5: Building] INFO  o.a.m.s.f.DefaultMavenResourcesFiltering - skip non existing resourceDirectory D:\Chintan_wok\28Aug_2025_java\JSTL\src\test\resources
2026-01-08 14:46:03,946 [Worker-5: Building] WARN  o.a.m.s.f.DefaultMavenResourcesFiltering - Using platform encoding (UTF-8 actually) to copy filtered resources, i.e. build is platform dependent!
2026-01-08 14:46:03,947 [Worker-5: Building] INFO  o.a.m.s.f.DefaultMavenResourcesFiltering - Copying 0 resource from src\main\resources to target\classes
2026-01-08 14:46:03,951 [Worker-5: Building] WARN  o.a.m.s.f.DefaultMavenResourcesFiltering - Using platform encoding (UTF-8 actually) to copy filtered resources, i.e. build is platform dependent!
2026-01-08 14:46:03,951 [Worker-5: Building] INFO  o.a.m.s.f.DefaultMavenResourcesFiltering - skip non existing resourceDirectory D:\Chintan_wok\28Aug_2025_java\JSTL\src\test\resources
2026-01-08 14:49:29,436 [Worker-19: Building] INFO  o.e.m.c.i.l.LifecycleMappingFactory - Using org.maven.ide.eclipse.wtp.WarLifecycleMapping lifecycle mapping for MavenProject: com.tops:JSTL:0.0.1-SNAPSHOT @ D:\Chintan_wok\28Aug_2025_java\JSTL\pom.xml.
2026-01-08 14:49:30,092 [Worker-19: Building] WARN  o.a.m.s.f.DefaultMavenResourcesFiltering - Using platform encoding (UTF-8 actually) to copy filtered resources, i.e. build is platform dependent!
2026-01-08 14:49:30,096 [Worker-19: Building] INFO  o.a.m.s.f.DefaultMavenResourcesFiltering - Copying 0 resource from src\main\resources to target\classes
2026-01-08 14:49:30,101 [Worker-19: Building] WARN  o.a.m.s.f.DefaultMavenResourcesFiltering - Using platform encoding (UTF-8 actually) to copy filtered resources, i.e. build is platform dependent!
2026-01-08 14:49:30,102 [Worker-19: Building] INFO  o.a.m.s.f.DefaultMavenResourcesFiltering - skip non existing resourceDirectory D:\Chintan_wok\28Aug_2025_java\JSTL\src\test\resources
2026-01-08 14:49:30,102 [Worker-19: Building] INFO  o.e.m.w.i.f.ResourceFilteringBuildParticipant - Changed resources require a complete clean of filtered resources of JSTL
2026-01-08 14:49:30,102 [Worker-19: Building] INFO  o.e.m.w.i.f.ResourceFilteringBuildParticipant - Executing resource filtering for JSTL
2026-01-08 14:49:40,862 [Worker-16: Building] WARN  o.a.m.s.f.DefaultMavenResourcesFiltering - Using platform encoding (UTF-8 actually) to copy filtered resources, i.e. build is platform dependent!
2026-01-08 14:49:40,863 [Worker-16: Building] INFO  o.a.m.s.f.DefaultMavenResourcesFiltering - Copying 0 resource from src\main\resources to target\classes
2026-01-08 14:49:40,865 [Worker-16: Building] WARN  o.a.m.s.f.DefaultMavenResourcesFiltering - Using platform encoding (UTF-8 actually) to copy filtered resources, i.e. build is platform dependent!
2026-01-08 14:49:40,866 [Worker-16: Building] INFO  o.a.m.s.f.DefaultMavenResourcesFiltering - skip non existing resourceDirectory D:\Chintan_wok\28Aug_2025_java\JSTL\src\test\resources
2026-01-08 14:50:31,840 [Worker-8: Building] WARN  o.a.m.s.f.DefaultMavenResourcesFiltering - Using platform encoding (UTF-8 actually) to copy filtered resources, i.e. build is platform dependent!
2026-01-08 14:50:31,841 [Worker-8: Building] INFO  o.a.m.s.f.DefaultMavenResourcesFiltering - Copying 0 resource from src\main\resources to target\classes
2026-01-08 14:50:31,843 [Worker-8: Building] WARN  o.a.m.s.f.DefaultMavenResourcesFiltering - Using platform encoding (UTF-8 actually) to copy filtered resources, i.e. build is platform dependent!
2026-01-08 14:50:31,844 [Worker-8: Building] INFO  o.a.m.s.f.DefaultMavenResourcesFiltering - skip non existing resourceDirectory D:\Chintan_wok\28Aug_2025_java\JSTL\src\test\resources
2026-01-08 14:50:57,648 [Worker-16: Building] WARN  o.a.m.s.f.DefaultMavenResourcesFiltering - Using platform encoding (UTF-8 actually) to copy filtered resources, i.e. build is platform dependent!
2026-01-08 14:50:57,649 [Worker-16: Building] INFO  o.a.m.s.f.DefaultMavenResourcesFiltering - Copying 0 resource from src\main\resources to target\classes
2026-01-08 14:50:57,651 [Worker-16: Building] WARN  o.a.m.s.f.DefaultMavenResourcesFiltering - Using platform encoding (UTF-8 actually) to copy filtered resources, i.e. build is platform dependent!
2026-01-08 14:50:57,652 [Worker-16: Building] INFO  o.a.m.s.f.DefaultMavenResourcesFiltering - skip non existing resourceDirectory D:\Chintan_wok\28Aug_2025_java\JSTL\src\test\resources
2026-01-08 14:52:25,293 [Worker-20: Building] WARN  o.a.m.s.f.DefaultMavenResourcesFiltering - Using platform encoding (UTF-8 actually) to copy filtered resources, i.e. build is platform dependent!
2026-01-08 14:52:25,294 [Worker-20: Building] INFO  o.a.m.s.f.DefaultMavenResourcesFiltering - Copying 0 resource from src\main\resources to target\classes
2026-01-08 14:52:25,299 [Worker-20: Building] WARN  o.a.m.s.f.DefaultMavenResourcesFiltering - Using platform encoding (UTF-8 actually) to copy filtered resources, i.e. build is platform dependent!
2026-01-08 14:52:25,300 [Worker-20: Building] INFO  o.a.m.s.f.DefaultMavenResourcesFiltering - skip non existing resourceDirectory D:\Chintan_wok\28Aug_2025_java\JSTL\src\test\resources
2026-01-08 14:52:32,572 [Worker-20: Building] WARN  o.a.m.s.f.DefaultMavenResourcesFiltering - Using platform encoding (UTF-8 actually) to copy filtered resources, i.e. build is platform dependent!
2026-01-08 14:52:32,573 [Worker-20: Building] INFO  o.a.m.s.f.DefaultMavenResourcesFiltering - Copying 0 resource from src\main\resources to target\classes
2026-01-08 14:52:32,575 [Worker-20: Building] WARN  o.a.m.s.f.DefaultMavenResourcesFiltering - Using platform encoding (UTF-8 actually) to copy filtered resources, i.e. build is platform dependent!
2026-01-08 14:52:32,575 [Worker-20: Building] INFO  o.a.m.s.f.DefaultMavenResourcesFiltering - skip non existing resourceDirectory D:\Chintan_wok\28Aug_2025_java\JSTL\src\test\resources
2026-01-08 14:52:54,077 [Worker-20: Building] WARN  o.a.m.s.f.DefaultMavenResourcesFiltering - Using platform encoding (UTF-8 actually) to copy filtered resources, i.e. build is platform dependent!
2026-01-08 14:52:54,079 [Worker-20: Building] INFO  o.a.m.s.f.DefaultMavenResourcesFiltering - Copying 0 resource from src\main\resources to target\classes
2026-01-08 14:52:54,081 [Worker-20: Building] WARN  o.a.m.s.f.DefaultMavenResourcesFiltering - Using platform encoding (UTF-8 actually) to copy filtered resources, i.e. build is platform dependent!
2026-01-08 14:52:54,082 [Worker-20: Building] INFO  o.a.m.s.f.DefaultMavenResourcesFiltering - skip non existing resourceDirectory D:\Chintan_wok\28Aug_2025_java\JSTL\src\test\resources
2026-01-08 14:53:12,606 [Worker-14: Building] WARN  o.a.m.s.f.DefaultMavenResourcesFiltering - Using platform encoding (UTF-8 actually) to copy filtered resources, i.e. build is platform dependent!
2026-01-08 14:53:12,607 [Worker-14: Building] INFO  o.a.m.s.f.DefaultMavenResourcesFiltering - Copying 0 resource from src\main\resources to target\classes
2026-01-08 14:53:12,609 [Worker-14: Building] WARN  o.a.m.s.f.DefaultMavenResourcesFiltering - Using platform encoding (UTF-8 actually) to copy filtered resources, i.e. build is platform dependent!
2026-01-08 14:53:12,610 [Worker-14: Building] INFO  o.a.m.s.f.DefaultMavenResourcesFiltering - skip non existing resourceDirectory D:\Chintan_wok\28Aug_2025_java\JSTL\src\test\resources
2026-01-08 14:53:31,784 [Worker-17: Building] WARN  o.a.m.s.f.DefaultMavenResourcesFiltering - Using platform encoding (UTF-8 actually) to copy filtered resources, i.e. build is platform dependent!
2026-01-08 14:53:31,785 [Worker-17: Building] INFO  o.a.m.s.f.DefaultMavenResourcesFiltering - Copying 0 resource from src\main\resources to target\classes
2026-01-08 14:53:31,787 [Worker-17: Building] WARN  o.a.m.s.f.DefaultMavenResourcesFiltering - Using platform encoding (UTF-8 actually) to copy filtered resources, i.e. build is platform dependent!
2026-01-08 14:53:31,787 [Worker-17: Building] INFO  o.a.m.s.f.DefaultMavenResourcesFiltering - skip non existing resourceDirectory D:\Chintan_wok\28Aug_2025_java\JSTL\src\test\resources
2026-01-08 14:53:33,814 [Worker-19: Building] WARN  o.a.m.s.f.DefaultMavenResourcesFiltering - Using platform encoding (UTF-8 actually) to copy filtered resources, i.e. build is platform dependent!
2026-01-08 14:53:33,815 [Worker-19: Building] INFO  o.a.m.s.f.DefaultMavenResourcesFiltering - Copying 0 resource from src\main\resources to target\classes
2026-01-08 14:53:33,818 [Worker-19: Building] WARN  o.a.m.s.f.DefaultMavenResourcesFiltering - Using platform encoding (UTF-8 actually) to copy filtered resources, i.e. build is platform dependent!
2026-01-08 14:53:33,819 [Worker-19: Building] INFO  o.a.m.s.f.DefaultMavenResourcesFiltering - skip non existing resourceDirectory D:\Chintan_wok\28Aug_2025_java\JSTL\src\test\resources
2026-01-08 14:53:55,006 [Worker-20: Building] WARN  o.a.m.s.f.DefaultMavenResourcesFiltering - Using platform encoding (UTF-8 actually) to copy filtered resources, i.e. build is platform dependent!
2026-01-08 14:53:55,007 [Worker-20: Building] INFO  o.a.m.s.f.DefaultMavenResourcesFiltering - Copying 0 resource from src\main\resources to target\classes
2026-01-08 14:53:55,010 [Worker-20: Building] WARN  o.a.m.s.f.DefaultMavenResourcesFiltering - Using platform encoding (UTF-8 actually) to copy filtered resources, i.e. build is platform dependent!
2026-01-08 14:53:55,010 [Worker-20: Building] INFO  o.a.m.s.f.DefaultMavenResourcesFiltering - skip non existing resourceDirectory D:\Chintan_wok\28Aug_2025_java\JSTL\src\test\resources
2026-01-08 14:54:04,991 [Worker-18: Building] WARN  o.a.m.s.f.DefaultMavenResourcesFiltering - Using platform encoding (UTF-8 actually) to copy filtered resources, i.e. build is platform dependent!
2026-01-08 14:54:04,992 [Worker-18: Building] INFO  o.a.m.s.f.DefaultMavenResourcesFiltering - Copying 0 resource from src\main\resources to target\classes
2026-01-08 14:54:04,995 [Worker-18: Building] WARN  o.a.m.s.f.DefaultMavenResourcesFiltering - Using platform encoding (UTF-8 actually) to copy filtered resources, i.e. build is platform dependent!
2026-01-08 14:54:04,995 [Worker-18: Building] INFO  o.a.m.s.f.DefaultMavenResourcesFiltering - skip non existing resourceDirectory D:\Chintan_wok\28Aug_2025_java\JSTL\src\test\resources
2026-01-08 14:54:37,242 [Worker-18: Building] WARN  o.a.m.s.f.DefaultMavenResourcesFiltering - Using platform encoding (UTF-8 actually) to copy filtered resources, i.e. build is platform dependent!
2026-01-08 14:54:37,243 [Worker-18: Building] INFO  o.a.m.s.f.DefaultMavenResourcesFiltering - Copying 0 resource from src\main\resources to target\classes
2026-01-08 14:54:37,246 [Worker-18: Building] WARN  o.a.m.s.f.DefaultMavenResourcesFiltering - Using platform encoding (UTF-8 actually) to copy filtered resources, i.e. build is platform dependent!
2026-01-08 14:54:37,247 [Worker-18: Building] INFO  o.a.m.s.f.DefaultMavenResourcesFiltering - skip non existing resourceDirectory D:\Chintan_wok\28Aug_2025_java\JSTL\src\test\resources
2026-01-08 14:54:56,321 [Worker-20: Building] WARN  o.a.m.s.f.DefaultMavenResourcesFiltering - Using platform encoding (UTF-8 actually) to copy filtered resources, i.e. build is platform dependent!
2026-01-08 14:54:56,321 [Worker-20: Building] INFO  o.a.m.s.f.DefaultMavenResourcesFiltering - Copying 0 resource from src\main\resources to target\classes
2026-01-08 14:54:56,323 [Worker-20: Building] WARN  o.a.m.s.f.DefaultMavenResourcesFiltering - Using platform encoding (UTF-8 actually) to copy filtered resources, i.e. build is platform dependent!
2026-01-08 14:54:56,323 [Worker-20: Building] INFO  o.a.m.s.f.DefaultMavenResourcesFiltering - skip non existing resourceDirectory D:\Chintan_wok\28Aug_2025_java\JSTL\src\test\resources
2026-01-10 13:28:00,007 [Worker-4: Loading available Gradle versions] INFO  o.e.b.c.i.u.g.PublishedGradleVersions - Gradle version information cache is out-of-date. Trying to update.
2026-01-10 13:28:39,469 [Worker-11: Building] WARN  o.a.m.s.f.DefaultMavenResourcesFiltering - Using platform encoding (UTF-8 actually) to copy filtered resources, i.e. build is platform dependent!
2026-01-10 13:28:39,476 [Worker-11: Building] INFO  o.a.m.s.f.DefaultMavenResourcesFiltering - Copying 0 resource from src\main\resources to target\classes
2026-01-10 13:28:39,483 [Worker-11: Building] WARN  o.a.m.s.f.DefaultMavenResourcesFiltering - Using platform encoding (UTF-8 actually) to copy filtered resources, i.e. build is platform dependent!
2026-01-10 13:28:39,485 [Worker-11: Building] INFO  o.a.m.s.f.DefaultMavenResourcesFiltering - skip non existing resourceDirectory D:\Chintan_wok\28Aug_2025_java\JSTL\src\test\resources
2026-01-10 13:35:04,849 [Worker-0: Building] WARN  o.a.m.s.f.DefaultMavenResourcesFiltering - Using platform encoding (UTF-8 actually) to copy filtered resources, i.e. build is platform dependent!
2026-01-10 13:35:04,854 [Worker-0: Building] INFO  o.a.m.s.f.DefaultMavenResourcesFiltering - Copying 0 resource from src\main\resources to target\classes
2026-01-10 13:35:04,861 [Worker-0: Building] WARN  o.a.m.s.f.DefaultMavenResourcesFiltering - Using platform encoding (UTF-8 actually) to copy filtered resources, i.e. build is platform dependent!
2026-01-10 13:35:04,862 [Worker-0: Building] INFO  o.a.m.s.f.DefaultMavenResourcesFiltering - skip non existing resourceDirectory D:\Chintan_wok\28Aug_2025_java\JSTL\src\test\resources
2026-01-10 13:38:16,411 [Worker-15: Building] WARN  o.a.m.s.f.DefaultMavenResourcesFiltering - Using platform encoding (UTF-8 actually) to copy filtered resources, i.e. build is platform dependent!
2026-01-10 13:38:16,413 [Worker-15: Building] INFO  o.a.m.s.f.DefaultMavenResourcesFiltering - Copying 0 resource from src\main\resources to target\classes
2026-01-10 13:38:16,416 [Worker-15: Building] WARN  o.a.m.s.f.DefaultMavenResourcesFiltering - Using platform encoding (UTF-8 actually) to copy filtered resources, i.e. build is platform dependent!
2026-01-10 13:38:16,417 [Worker-15: Building] INFO  o.a.m.s.f.DefaultMavenResourcesFiltering - skip non existing resourceDirectory D:\Chintan_wok\28Aug_2025_java\JSTL\src\test\resources
2026-01-10 13:39:23,902 [Worker-16: Building] WARN  o.a.m.s.f.DefaultMavenResourcesFiltering - Using platform encoding (UTF-8 actually) to copy filtered resources, i.e. build is platform dependent!
2026-01-10 13:39:23,903 [Worker-16: Building] INFO  o.a.m.s.f.DefaultMavenResourcesFiltering - Copying 0 resource from src\main\resources to target\classes
2026-01-10 13:39:23,906 [Worker-16: Building] WARN  o.a.m.s.f.DefaultMavenResourcesFiltering - Using platform encoding (UTF-8 actually) to copy filtered resources, i.e. build is platform dependent!
2026-01-10 13:39:23,907 [Worker-16: Building] INFO  o.a.m.s.f.DefaultMavenResourcesFiltering - skip non existing resourceDirectory D:\Chintan_wok\28Aug_2025_java\JSTL\src\test\resources
2026-01-10 13:39:26,024 [Worker-14: Building] WARN  o.a.m.s.f.DefaultMavenResourcesFiltering - Using platform encoding (UTF-8 actually) to copy filtered resources, i.e. build is platform dependent!
2026-01-10 13:39:26,028 [Worker-14: Building] INFO  o.a.m.s.f.DefaultMavenResourcesFiltering - Copying 0 resource from src\main\resources to target\classes
2026-01-10 13:39:26,036 [Worker-14: Building] WARN  o.a.m.s.f.DefaultMavenResourcesFiltering - Using platform encoding (UTF-8 actually) to copy filtered resources, i.e. build is platform dependent!
2026-01-10 13:39:26,036 [Worker-14: Building] INFO  o.a.m.s.f.DefaultMavenResourcesFiltering - skip non existing resourceDirectory D:\Chintan_wok\28Aug_2025_java\JSTL\src\test\resources
2026-01-10 13:40:25,147 [Worker-16: Building] INFO  o.e.m.c.i.l.LifecycleMappingFactory - Using org.maven.ide.eclipse.wtp.WarLifecycleMapping lifecycle mapping for MavenProject: com.tops:JSTL:0.0.1-SNAPSHOT @ D:\Chintan_wok\28Aug_2025_java\JSTL\pom.xml.
2026-01-10 13:40:26,035 [Worker-16: Building] WARN  o.a.m.s.f.DefaultMavenResourcesFiltering - Using platform encoding (UTF-8 actually) to copy filtered resources, i.e. build is platform dependent!
2026-01-10 13:40:26,037 [Worker-16: Building] INFO  o.a.m.s.f.DefaultMavenResourcesFiltering - Copying 0 resource from src\main\resources to target\classes
2026-01-10 13:40:26,043 [Worker-16: Building] WARN  o.a.m.s.f.DefaultMavenResourcesFiltering - Using platform encoding (UTF-8 actually) to copy filtered resources, i.e. build is platform dependent!
2026-01-10 13:40:26,044 [Worker-16: Building] INFO  o.a.m.s.f.DefaultMavenResourcesFiltering - skip non existing resourceDirectory D:\Chintan_wok\28Aug_2025_java\JSTL\src\test\resources
2026-01-10 13:40:26,045 [Worker-16: Building] INFO  o.e.m.w.i.f.ResourceFilteringBuildParticipant - Changed resources require a complete clean of filtered resources of JSTL
2026-01-10 13:40:26,045 [Worker-16: Building] INFO  o.e.m.w.i.f.ResourceFilteringBuildParticipant - Executing resource filtering for JSTL
2026-01-10 13:42:10,673 [Worker-0: Building] WARN  o.a.m.s.f.DefaultMavenResourcesFiltering - Using platform encoding (UTF-8 actually) to copy filtered resources, i.e. build is platform dependent!
2026-01-10 13:42:10,674 [Worker-0: Building] INFO  o.a.m.s.f.DefaultMavenResourcesFiltering - Copying 0 resource from src\main\resources to target\classes
2026-01-10 13:42:10,676 [Worker-0: Building] WARN  o.a.m.s.f.DefaultMavenResourcesFiltering - Using platform encoding (UTF-8 actually) to copy filtered resources, i.e. build is platform dependent!
2026-01-10 13:42:10,677 [Worker-0: Building] INFO  o.a.m.s.f.DefaultMavenResourcesFiltering - skip non existing resourceDirectory D:\Chintan_wok\28Aug_2025_java\JSTL\src\test\resources
2026-01-10 13:43:02,811 [Worker-18: Building] WARN  o.a.m.s.f.DefaultMavenResourcesFiltering - Using platform encoding (UTF-8 actually) to copy filtered resources, i.e. build is platform dependent!
2026-01-10 13:43:02,813 [Worker-18: Building] INFO  o.a.m.s.f.DefaultMavenResourcesFiltering - Copying 0 resource from src\main\resources to target\classes
2026-01-10 13:43:02,816 [Worker-18: Building] WARN  o.a.m.s.f.DefaultMavenResourcesFiltering - Using platform encoding (UTF-8 actually) to copy filtered resources, i.e. build is platform dependent!
2026-01-10 13:43:02,816 [Worker-18: Building] INFO  o.a.m.s.f.DefaultMavenResourcesFiltering - skip non existing resourceDirectory D:\Chintan_wok\28Aug_2025_java\JSTL\src\test\resources
2026-01-10 13:43:32,054 [Worker-15: Building] WARN  o.a.m.s.f.DefaultMavenResourcesFiltering - Using platform encoding (UTF-8 actually) to copy filtered resources, i.e. build is platform dependent!
2026-01-10 13:43:32,055 [Worker-15: Building] INFO  o.a.m.s.f.DefaultMavenResourcesFiltering - Copying 0 resource from src\main\resources to target\classes
2026-01-10 13:43:32,057 [Worker-15: Building] WARN  o.a.m.s.f.DefaultMavenResourcesFiltering - Using platform encoding (UTF-8 actually) to copy filtered resources, i.e. build is platform dependent!
2026-01-10 13:43:32,058 [Worker-15: Building] INFO  o.a.m.s.f.DefaultMavenResourcesFiltering - skip non existing resourceDirectory D:\Chintan_wok\28Aug_2025_java\JSTL\src\test\resources
2026-01-10 13:44:05,743 [Worker-18: Building] WARN  o.a.m.s.f.DefaultMavenResourcesFiltering - Using platform encoding (UTF-8 actually) to copy filtered resources, i.e. build is platform dependent!
2026-01-10 13:44:05,744 [Worker-18: Building] INFO  o.a.m.s.f.DefaultMavenResourcesFiltering - Copying 0 resource from src\main\resources to target\classes
2026-01-10 13:44:05,751 [Worker-18: Building] WARN  o.a.m.s.f.DefaultMavenResourcesFiltering - Using platform encoding (UTF-8 actually) to copy filtered resources, i.e. build is platform dependent!
2026-01-10 13:44:05,752 [Worker-18: Building] INFO  o.a.m.s.f.DefaultMavenResourcesFiltering - skip non existing resourceDirectory D:\Chintan_wok\28Aug_2025_java\JSTL\src\test\resources
2026-01-10 14:02:54,330 [Worker-14: Building] WARN  o.a.m.s.f.DefaultMavenResourcesFiltering - Using platform encoding (UTF-8 actually) to copy filtered resources, i.e. build is platform dependent!
2026-01-10 14:02:54,331 [Worker-14: Building] INFO  o.a.m.s.f.DefaultMavenResourcesFiltering - Copying 0 resource from src\main\resources to target\classes
2026-01-10 14:02:54,334 [Worker-14: Building] WARN  o.a.m.s.f.DefaultMavenResourcesFiltering - Using platform encoding (UTF-8 actually) to copy filtered resources, i.e. build is platform dependent!
2026-01-10 14:02:54,334 [Worker-14: Building] INFO  o.a.m.s.f.DefaultMavenResourcesFiltering - skip non existing resourceDirectory D:\Chintan_wok\28Aug_2025_java\JSTL\src\test\resources
2026-01-13 13:23:28,057 [Worker-0: Loading available Gradle versions] INFO  o.e.b.c.i.u.g.PublishedGradleVersions - Gradle version information cache is out-of-date. Trying to update.
